// Jest Snapshot v1, https://goo.gl/fbAQLP

exports[`should return the correct deactivate school 1`] = `
Object {
  "type": "deactivate_school_request",
}
`;

exports[`should return the failure for deactivate school 1`] = `
Object {
  "error": "error",
  "type": "deactivate_school_request_failure",
}
`;

exports[`should return the success for deactivate school 1`] = `
Object {
  "deactivateSchool": Object {},
  "type": "deactivate_school_request_success",
}
`;
